{"at":"2026-04-26T23:40:32.677Z","event":"step_start","jobId":"2156b7ed-02ed-41b4-bc57-8a87c994408f","stepName":"theme_selection","attempt":0}
{"at":"2026-04-26T23:40:33.402Z","event":"step_complete","jobId":"2156b7ed-02ed-41b4-bc57-8a87c994408f","stepName":"theme_selection","attempt":0}
{"at":"2026-04-26T23:40:33.434Z","event":"step_start","jobId":"2156b7ed-02ed-41b4-bc57-8a87c994408f","stepName":"script_generation","attempt":0}
{"at":"2026-04-26T23:40:33.442Z","event":"start","jobId":"2156b7ed-02ed-41b4-bc57-8a87c994408f"}
{"at":"2026-04-26T23:40:38.840Z","event":"completed","jobId":"2156b7ed-02ed-41b4-bc57-8a87c994408f","lineCount":16}
{"at":"2026-04-26T23:40:38.843Z","event":"step_complete","jobId":"2156b7ed-02ed-41b4-bc57-8a87c994408f","stepName":"script_generation","attempt":0}
{"at":"2026-04-26T23:40:38.879Z","event":"step_start","jobId":"2156b7ed-02ed-41b4-bc57-8a87c994408f","stepName":"title_generation","attempt":0}
{"at":"2026-04-26T23:40:38.969Z","event":"step_complete","jobId":"2156b7ed-02ed-41b4-bc57-8a87c994408f","stepName":"title_generation","attempt":0}
{"at":"2026-04-26T23:40:38.980Z","event":"step_start","jobId":"2156b7ed-02ed-41b4-bc57-8a87c994408f","stepName":"tts_generation","attempt":0}
{"at":"2026-04-26T23:40:38.987Z","event":"start","jobId":"2156b7ed-02ed-41b4-bc57-8a87c994408f"}
{"at":"2026-04-26T23:40:57.215Z","event":"completed","jobId":"2156b7ed-02ed-41b4-bc57-8a87c994408f","provider":"aivis","usedStyleIds":[888753760,888753762,888753760,888753762,888753760,888753762,888753760,888753762,888753760,888753762,888753760,888753762,888753760,888753762,888753760,888753762]}
{"at":"2026-04-26T23:40:57.216Z","event":"step_complete","jobId":"2156b7ed-02ed-41b4-bc57-8a87c994408f","stepName":"tts_generation","attempt":0}
{"at":"2026-04-26T23:40:57.225Z","event":"step_start","jobId":"2156b7ed-02ed-41b4-bc57-8a87c994408f","stepName":"character_synthesis","attempt":0}
{"at":"2026-04-26T23:40:57.253Z","event":"step_complete","jobId":"2156b7ed-02ed-41b4-bc57-8a87c994408f","stepName":"character_synthesis","attempt":0}
{"at":"2026-04-26T23:40:57.259Z","event":"step_start","jobId":"2156b7ed-02ed-41b4-bc57-8a87c994408f","stepName":"background_generation","attempt":0}
{"at":"2026-04-26T23:40:57.408Z","event":"step_complete","jobId":"2156b7ed-02ed-41b4-bc57-8a87c994408f","stepName":"background_generation","attempt":0}
{"at":"2026-04-26T23:40:57.476Z","event":"step_start","jobId":"2156b7ed-02ed-41b4-bc57-8a87c994408f","stepName":"subtitle_generation","attempt":0}
{"at":"2026-04-26T23:40:57.482Z","event":"start","jobId":"2156b7ed-02ed-41b4-bc57-8a87c994408f"}
{"at":"2026-04-26T23:40:57.523Z","event":"completed","jobId":"2156b7ed-02ed-41b4-bc57-8a87c994408f","lineCount":16}
{"at":"2026-04-26T23:40:57.524Z","event":"step_complete","jobId":"2156b7ed-02ed-41b4-bc57-8a87c994408f","stepName":"subtitle_generation","attempt":0}
{"at":"2026-04-26T23:40:57.536Z","event":"step_start","jobId":"2156b7ed-02ed-41b4-bc57-8a87c994408f","stepName":"video_composition","attempt":0}
{"at":"2026-04-26T23:40:57.552Z","event":"start","jobId":"2156b7ed-02ed-41b4-bc57-8a87c994408f"}
{"at":"2026-04-26T23:40:59.063Z","event":"step_error","jobId":"2156b7ed-02ed-41b4-bc57-8a87c994408f","stepName":"video_composition","attempt":0,"message":"ENOENT: no such file or directory, open 'C:\\python_program\\yukkuri_movie_maker_remotion\\apps\\worker\\packages\\remotion\\src\\index.tsx'"}
{"at":"2026-04-26T23:40:59.064Z","event":"step_start","jobId":"2156b7ed-02ed-41b4-bc57-8a87c994408f","stepName":"video_composition","attempt":1}
{"at":"2026-04-26T23:40:59.077Z","event":"start","jobId":"2156b7ed-02ed-41b4-bc57-8a87c994408f"}
{"at":"2026-04-26T23:40:59.719Z","event":"step_error","jobId":"2156b7ed-02ed-41b4-bc57-8a87c994408f","stepName":"video_composition","attempt":1,"message":"ENOENT: no such file or directory, open 'C:\\python_program\\yukkuri_movie_maker_remotion\\apps\\worker\\packages\\remotion\\src\\index.tsx'"}
{"at":"2026-04-26T23:54:52.213Z","event":"step_start","jobId":"2156b7ed-02ed-41b4-bc57-8a87c994408f","stepName":"video_composition","attempt":0}
{"at":"2026-04-26T23:54:52.217Z","event":"start","jobId":"2156b7ed-02ed-41b4-bc57-8a87c994408f"}
{"at":"2026-04-26T23:57:07.014Z","event":"completed","jobId":"2156b7ed-02ed-41b4-bc57-8a87c994408f","renderer":"remotion","characterImagePath":"projects/53f002b4-54fa-4e0a-a616-684be4f8e19d/output/video_composition/run-20260427-085452-214/character.png","durationMs":89688,"shotCount":16,"characterCueCount":482,"emphasisCount":3,"audioCueCount":34,"chapterCount":3}
{"at":"2026-04-26T23:57:07.014Z","event":"step_complete","jobId":"2156b7ed-02ed-41b4-bc57-8a87c994408f","stepName":"video_composition","attempt":0}
{"at":"2026-04-26T23:57:07.022Z","event":"step_start","jobId":"2156b7ed-02ed-41b4-bc57-8a87c994408f","stepName":"audio_enhancement","attempt":0}
{"at":"2026-04-26T23:57:07.868Z","event":"step_complete","jobId":"2156b7ed-02ed-41b4-bc57-8a87c994408f","stepName":"audio_enhancement","attempt":0}
{"at":"2026-04-26T23:57:07.976Z","event":"step_start","jobId":"2156b7ed-02ed-41b4-bc57-8a87c994408f","stepName":"illustration_insertion","attempt":0}
{"at":"2026-04-26T23:57:09.546Z","event":"step_complete","jobId":"2156b7ed-02ed-41b4-bc57-8a87c994408f","stepName":"illustration_insertion","attempt":0}
{"at":"2026-04-26T23:57:11.853Z","event":"step_start","jobId":"2156b7ed-02ed-41b4-bc57-8a87c994408f","stepName":"final_encoding","attempt":0}
{"at":"2026-04-26T23:57:12.215Z","event":"start","jobId":"2156b7ed-02ed-41b4-bc57-8a87c994408f"}
{"at":"2026-04-26T23:57:46.367Z","event":"completed","jobId":"2156b7ed-02ed-41b4-bc57-8a87c994408f","finalPath":"projects/53f002b4-54fa-4e0a-a616-684be4f8e19d/output/final_encoding/run-20260427-085712-210/final.mp4"}
{"at":"2026-04-26T23:57:46.368Z","event":"step_complete","jobId":"2156b7ed-02ed-41b4-bc57-8a87c994408f","stepName":"final_encoding","attempt":0}
{"at":"2026-04-26T23:57:46.379Z","event":"step_start","jobId":"2156b7ed-02ed-41b4-bc57-8a87c994408f","stepName":"youtube_upload","attempt":0}
{"at":"2026-04-26T23:57:46.404Z","event":"step_complete","jobId":"2156b7ed-02ed-41b4-bc57-8a87c994408f","stepName":"youtube_upload","attempt":0}
